###############################################################################
#
# IAR ELF Linker V3.11.1.207 for STM8                     06/May/2021  23:18:39
# Copyright 2010-2019 IAR Systems AB.
#
#    Output file  =  
#        D:\STM8S105K4T6-Projects\Project 2 UART2\Debug\Exe\uart2.out
#    Map file     =  
#        D:\STM8S105K4T6-Projects\Project 2 UART2\Debug\List\uart2.map
#    Command line =  
#        -f C:\Users\hemja\AppData\Local\Temp\EWE4B1.tmp
#        ("D:\STM8S105K4T6-Projects\Project 2 UART2\Debug\Obj\main.o"
#        "D:\STM8S105K4T6-Projects\Project 2 UART2\Debug\Obj\stm8s_clk.o"
#        "D:\STM8S105K4T6-Projects\Project 2 UART2\Debug\Obj\stm8s_delay.o"
#        "D:\STM8S105K4T6-Projects\Project 2 UART2\Debug\Obj\stm8s_gpio.o"
#        "D:\STM8S105K4T6-Projects\Project 2 UART2\Debug\Obj\stm8s_uart2.o"
#        --redirect _Printf=_PrintfSmall --redirect _Scanf=_ScanfSmall
#        --no_out_extension -o "D:\STM8S105K4T6-Projects\Project 2
#        UART2\Debug\Exe\uart2.out" --map "D:\STM8S105K4T6-Projects\Project 2
#        UART2\Debug\List\uart2.map" --config "C:\Program Files (x86)\IAR
#        Systems\Embedded Workbench 8.3\stm8\config\lnkstm8s105k4.icf"
#        --config_def _CSTACK_SIZE=0x100 --config_def _HEAP_SIZE=0x100 --entry
#        __iar_program_start --debug_lib)
#
###############################################################################

*******************************************************************************
*** RUNTIME MODEL ATTRIBUTES
***

__SystemLibrary            = DLib
__code_model               = small
__core                     = stm8
__data_model               = medium
__dlib_file_descriptor     = 0
__dlib_full_locale_support = 0
__rt_version               = 4


*******************************************************************************
*** PLACEMENT SUMMARY
***

"A0":  place at start of [0x000000-0x0000ff] { rw section .vregs };
"A1":  place at end of [0x000000-0x0007ff] { block CSTACK };
"A2":  place at start of [0x008000-0x00bfff] { block INTVEC };
"P3":  place in [from 0x008000 to 0x00bfff] {
          ro section __DLIB_PERTHREAD_init, ro section .far.data_init,
          ro section .far_func.textrw_init, ro section .huge.data_init,
          ro section .huge_func.textrw_init, ro section .iar.init_table,
          ro section .init_array, ro section .near.data_init,
          ro section .near.rodata, ro section .near_func.text,
          ro section .near_func.textrw_init, ro section .tiny.data_init,
          ro section .tiny.rodata_init };
"P4":  place in [from 0x008000 to 0x00bfff] {
          ro section .far.rodata, ro section .far_func.text };
"P5":  place in [from 0x008000 to 0x00bfff] {
          ro section .huge.rodata, ro section .huge_func.text };
do not initialize {
   rw section .eeprom.noinit, rw section .far.noinit, rw section .huge.noinit,
   rw section .near.noinit, rw section .tiny.noinit, rw section .vregs };

No sections matched the following patterns:

  ro section .far.data_init          in "P3-P5"
  ro section .far.rodata             in "P3-P5"
  ro section .far_func.text          in "P3-P5"
  ro section .far_func.textrw_init   in "P3-P5"
  ro section .huge.data_init         in "P3-P5"
  ro section .huge.rodata            in "P3-P5"
  ro section .huge_func.text         in "P3-P5"
  ro section .huge_func.textrw_init  in "P3-P5"
  ro section .iar.init_table         in "P3-P5"
  ro section .init_array             in "P3-P5"
  ro section .near.data_init         in "P3-P5"
  ro section .near_func.textrw_init  in "P3-P5"
  ro section .tiny.data_init         in "P3-P5"
  ro section .tiny.rodata_init       in "P3-P5"
  ro section __DLIB_PERTHREAD_init   in "P3-P5"
  rw section .far.bss                in "P2"
  rw section .far.data               in "P2"
  rw section .far.noinit             in "P2"
  rw section .far_func.textrw        in "P2"
  rw section .huge.bss               in "P2"
  rw section .huge.data              in "P2"
  rw section .huge.noinit            in "P2"
  rw section .huge_func.textrw       in "P2"
  rw section .iar.dynexit            in "P2"
  rw section .near.bss               in "P2"
  rw section .near.data              in "P2"
  rw section .near.noinit            in "P2"
  rw section .near_func.textrw       in "P2"
  rw section .tiny.bss               in "P1"
  rw section .tiny.data              in "P1"
  rw section .tiny.noinit            in "P1"
  rw section .tiny.rodata            in "P1"
  rw section __DLIB_PERTHREAD        in "P2"
  section .eeprom.data               in "P6-P8"
  section .eeprom.noinit             in "P6-P8"
  section .eeprom.rodata             in "P6-P8"


  Section          Kind      Address   Size  Object
  -------          ----      -------   ----  ------
"A0":                                  0x10
  .vregs           uninit   0x000000   0x10  vregs.o [4]
                          - 0x000010   0x10

"A1":                                 0x100
  CSTACK                    0x000700  0x100  <Block>
    CSTACK         uninit   0x000700  0x100  <Block tail>
                          - 0x000800  0x100

"A2":                                  0x80
  INTVEC                    0x008000   0x80  <Block>
    .intvec        const    0x008000   0x80  interrupt.o [4]
                          - 0x008080   0x80

"P3-P5":                              0x766
  .near_func.text  ro code  0x008080  0x134  stm8s_uart2.o [1]
  .near_func.text  ro code  0x0081b4  0x12b  long.o [4]
  .near_func.text  ro code  0x0082df   0xd5  vreg_util.o [4]
  .near_func.text  ro code  0x0083b4   0x8e  stm8s_gpio.o [1]
  .near_func.text  ro code  0x008442   0x58  stm8s_clk.o [1]
  .near_func.text  ro code  0x00849a   0x57  stm8s_clk.o [1]
  .near_func.text  ro code  0x0084f1   0x49  stm8s_uart2.o [1]
  .near_func.text  ro code  0x00853a   0x47  long_util.o [4]
  .near_func.text  ro code  0x008581   0x46  main.o [1]
  .near_func.text  ro code  0x0085c7   0x45  main.o [1]
  .near_func.text  ro code  0x00860c   0x43  main.o [1]
  .near_func.text  ro code  0x00864f   0x36  main.o [1]
  .near_func.text  ro code  0x008685   0x29  stm8s_uart2.o [1]
  .near_func.text  ro code  0x0086ae   0x25  dc_util.o [4]
  .near_func.text  ro code  0x0086d3   0x23  stm8s_uart2.o [1]
  .near_func.text  ro code  0x0086f6   0x20  main.o [1]
  .near_func.text  ro code  0x008716   0x14  stm8s_gpio.o [1]
  .near_func.text  ro code  0x00872a   0x14  init.o [4]
  .near_func.text  ro code  0x00873e   0x14  __dbg_xxexit.o [3]
  .near_func.text  ro code  0x008752   0x13  stm8s_clk.o [1]
  .near_func.text  ro code  0x008765   0x13  cstartup.o [4]
  .near.rodata     const    0x008778   0x11  main.o [1]
  .near_func.text  ro code  0x008789    0xd  main.o [1]
  .near_func.text  ro code  0x008796    0xd  stm8s_uart2.o [1]
  .near_func.text  ro code  0x0087a3    0xd  strlen.o [4]
  .near_func.text  ro code  0x0087b0    0xd  short.o [4]
  .near_func.text  ro code  0x0087bd    0x7  stm8s_gpio.o [1]
  .near_func.text  ro code  0x0087c4    0x5  cexit.o [4]
  .near.rodata     const    0x0087c9    0x4  stm8s_clk.o [1]
  .near_func.text  ro code  0x0087cd    0x4  stm8s_gpio.o [1]
  .near_func.text  ro code  0x0087d1    0x4  stm8s_uart2.o [1]
  .near_func.text  ro code  0x0087d5    0x4  stm8s_uart2.o [1]
  .near_func.text  ro code  0x0087d9    0x3  interrupt.o [4]
  .near_func.text  ro code  0x0087dc    0x3  low_level_init.o [4]
  .near_func.text  ro code  0x0087df    0x3  exit.o [4]
  .near_func.text  ro code  0x0087e2    0x3  unhandled_exception.o [4]
  .near_func.text  ro code  0x0087e5    0x1  __dbg_break.o [3]
                          - 0x0087e6  0x766



*******************************************************************************
*** MODULE SUMMARY
***

    Module                 ro code  ro data  rw data
    ------                 -------  -------  -------
D:\STM8S105K4T6-Projects\Project 2 UART2\Debug\Obj: [1]
    main.o                     305       17
    stm8s_clk.o                194        4
    stm8s_gpio.o               173
    stm8s_uart2.o              478
    ------------------------------------------------
    Total:                   1 150       21

command line: [2]
    ------------------------------------------------
    Total:

dbgstm8smd.a: [3]
    __dbg_break.o                1
    __dbg_xxexit.o              20
    ------------------------------------------------
    Total:                      21

dlstm8smn.a: [4]
    cexit.o                      5
    cstartup.o                  19
    dc_util.o                   37
    exit.o                       3
    init.o                      20
    interrupt.o                  3      128
    long.o                     299
    long_util.o                 71
    low_level_init.o             3
    short.o                     13
    strlen.o                    13
    unhandled_exception.o        3
    vreg_util.o                213
    vregs.o                                       16
    ------------------------------------------------
    Total:                     702      128       16

    Linker created                               256
----------------------------------------------------
    Grand Total:             1 873      149      272


*******************************************************************************
*** ENTRY LIST
***

Entry                      Address   Size  Type      Object
-----                      -------   ----  ----      ------
?b0                       0x000000         Data  Gb  vregs.o [4]
?b1                       0x000001         Data  Gb  vregs.o [4]
?b10                      0x00000a         Data  Gb  vregs.o [4]
?b11                      0x00000b         Data  Gb  vregs.o [4]
?b12                      0x00000c         Data  Gb  vregs.o [4]
?b13                      0x00000d         Data  Gb  vregs.o [4]
?b14                      0x00000e         Data  Gb  vregs.o [4]
?b15                      0x00000f         Data  Gb  vregs.o [4]
?b2                       0x000002         Data  Gb  vregs.o [4]
?b3                       0x000003         Data  Gb  vregs.o [4]
?b4                       0x000004         Data  Gb  vregs.o [4]
?b5                       0x000005         Data  Gb  vregs.o [4]
?b6                       0x000006         Data  Gb  vregs.o [4]
?b7                       0x000007         Data  Gb  vregs.o [4]
?b8                       0x000008         Data  Gb  vregs.o [4]
?b9                       0x000009         Data  Gb  vregs.o [4]
?dc32_l0                  0x0086ae         Code  Gb  dc_util.o [4]
?dc32_l1                  0x0086bb         Code  Gb  dc_util.o [4]
?dc32_px                  0x0086c8         Code  Gb  dc_util.o [4]
?e0                       0x000001         Data  Gb  vregs.o [4]
?e1                       0x000005         Data  Gb  vregs.o [4]
?e2                       0x000009         Data  Gb  vregs.o [4]
?e3                       0x00000d         Data  Gb  vregs.o [4]
?epilogue_l2              0x00835e         Code  Gb  vreg_util.o [4]
?epilogue_l2_l3           0x00835b         Code  Gb  vreg_util.o [4]
?epilogue_w4              0x008362         Code  Gb  vreg_util.o [4]
?l0                       0x000000         Data  Gb  vregs.o [4]
?l1                       0x000004         Data  Gb  vregs.o [4]
?l2                       0x000008         Data  Gb  vregs.o [4]
?l3                       0x00000c         Data  Gb  vregs.o [4]
?load32_0x_l0             0x008573         Code  Gb  long_util.o [4]
?load32_asp_l0            0x008567         Code  Gb  long_util.o [4]
?load32_dbsp_l0           0x008562         Code  Gb  long_util.o [4]
?load32_l0_0x             0x00854a         Code  Gb  long_util.o [4]
?load32_l0_asp            0x00853f         Code  Gb  long_util.o [4]
?load32_l0_dbsp           0x00853a         Code  Gb  long_util.o [4]
?load32_l0_xsp            0x008541         Code  Gb  long_util.o [4]
?load32_l1_0x             0x008556         Code  Gb  long_util.o [4]
?load32_xsp_l0            0x008569         Code  Gb  long_util.o [4]
?mov_e0_e2                0x008369         Code  Gb  vreg_util.o [4]
?mov_e0_e3                0x008376         Code  Gb  vreg_util.o [4]
?mov_e1_e0                0x008383         Code  Gb  vreg_util.o [4]
?mov_e1_e2                0x008390         Code  Gb  vreg_util.o [4]
?mov_e2_e0                0x00839d         Code  Gb  vreg_util.o [4]
?mov_e3_e0                0x0083aa         Code  Gb  vreg_util.o [4]
?mov_l0_l2                0x008366         Code  Gb  vreg_util.o [4]
?mov_l0_l3                0x008373         Code  Gb  vreg_util.o [4]
?mov_l1_l0                0x008380         Code  Gb  vreg_util.o [4]
?mov_l1_l2                0x00838d         Code  Gb  vreg_util.o [4]
?mov_l2_l0                0x00839a         Code  Gb  vreg_util.o [4]
?mov_l3_l0                0x0083a7         Code  Gb  vreg_util.o [4]
?mov_w1_w5                0x00836c         Code  Gb  vreg_util.o [4]
?mov_w1_w7                0x008379         Code  Gb  vreg_util.o [4]
?mov_w3_w1                0x008386         Code  Gb  vreg_util.o [4]
?mov_w3_w5                0x008393         Code  Gb  vreg_util.o [4]
?mov_w5_w1                0x0083a0         Code  Gb  vreg_util.o [4]
?mov_w7_w1                0x0083ad         Code  Gb  vreg_util.o [4]
?mul32_l0_l0_0x           0x0081d2         Code  Gb  long.o [4]
?mul32_l0_l0_dl           0x0081cf         Code  Gb  long.o [4]
?mul32_l0_l0_l1           0x0081db         Code  Gb  long.o [4]
?pop_l1                   0x008332         Code  Gb  vreg_util.o [4]
?pop_l2                   0x00833d         Code  Gb  vreg_util.o [4]
?pop_l3                   0x008348         Code  Gb  vreg_util.o [4]
?pop_w4                   0x0082f7         Code  Gb  vreg_util.o [4]
?push_l0                  0x008306         Code  Gb  vreg_util.o [4]
?push_l2                  0x00830b         Code  Gb  vreg_util.o [4]
?push_l3                  0x008310         Code  Gb  vreg_util.o [4]
?push_w4                  0x0082df         Code  Gb  vreg_util.o [4]
?sll16_x_x_a              0x0087b0         Code  Gb  short.o [4]
?sll32_0x_0x_a            0x0082d1         Code  Gb  long.o [4]
?sll32_l0_l0_a            0x0082ce         Code  Gb  long.o [4]
?srl16_x_x_4              0x0087b8         Code  Gb  short.o [4]
?sub32_l0_l0_0x           0x0081b7         Code  Gb  long.o [4]
?sub32_l0_l0_l1           0x0081b4         Code  Gb  long.o [4]
?udiv32_l0_dl_l1          0x008259         Code  Gb  long.o [4]
?udiv32_l0_l0_dl          0x00825e         Code  Gb  long.o [4]
?udiv32_l0_l0_l1          0x008261         Code  Gb  long.o [4]
?umod32_l1_l0_l1          0x008261         Code  Gb  long.o [4]
?w0                       0x000000         Data  Gb  vregs.o [4]
?w1                       0x000002         Data  Gb  vregs.o [4]
?w2                       0x000004         Data  Gb  vregs.o [4]
?w3                       0x000006         Data  Gb  vregs.o [4]
?w4                       0x000008         Data  Gb  vregs.o [4]
?w5                       0x00000a         Data  Gb  vregs.o [4]
?w6                       0x00000c         Data  Gb  vregs.o [4]
?w7                       0x00000e         Data  Gb  vregs.o [4]
CLK_Configuration         0x008789    0xd  Code  Gb  main.o [1]
CLK_GetClockFreq          0x00849a   0x57  Code  Gb  stm8s_clk.o [1]
CLK_HSIPrescalerConfig    0x008752   0x13  Code  Gb  stm8s_clk.o [1]
CLK_PeripheralClockConfig
                          0x008442   0x58  Code  Gb  stm8s_clk.o [1]
CSTACK$$Base              0x000700          --   Gb  - Linker created -
CSTACK$$Limit             0x000800          --   Gb  - Linker created -
GPIO_Configuration        0x00864f   0x36  Code  Gb  main.o [1]
GPIO_DeInit               0x008716   0x14  Code  Gb  stm8s_gpio.o [1]
GPIO_Init                 0x0083b4   0x8e  Code  Gb  stm8s_gpio.o [1]
GPIO_WriteHigh            0x0087bd    0x7  Code  Gb  stm8s_gpio.o [1]
GPIO_WriteLow             0x0087cd    0x4  Code  Gb  stm8s_gpio.o [1]
HSIDivFactor              0x0087c9    0x4  Data  Gb  stm8s_clk.o [1]
INTVEC$$Base              0x008000          --   Gb  - Linker created -
INTVEC$$Limit             0x008080          --   Gb  - Linker created -
Region$$Table$$Base     0x00000000          --   Gb  - Linker created -
Region$$Table$$Limit    0x00000000          --   Gb  - Linker created -
SERIAL_read_response      0x00860c   0x43  Code  Gb  main.o [1]
UART2_ClearFlag           0x0086d3   0x23  Code  Gb  stm8s_uart2.o [1]
UART2_Cmd                 0x008796    0xd  Code  Gb  stm8s_uart2.o [1]
UART2_DeInit              0x008685   0x29  Code  Gb  stm8s_uart2.o [1]
UART2_GetFlagStatus       0x0084f1   0x49  Code  Gb  stm8s_uart2.o [1]
UART2_Init                0x008080  0x134  Code  Gb  stm8s_uart2.o [1]
UART2_ReceiveData8        0x0087d1    0x4  Code  Gb  stm8s_uart2.o [1]
UART2_SendData8           0x0087d5    0x4  Code  Gb  stm8s_uart2.o [1]
UART2_config              0x0086f6   0x20  Code  Gb  main.o [1]
__DebugBreak              0x0087e5    0x1  Code  Gb  __dbg_break.o [3]
__exit                    0x00873e   0x14  Code  Gb  __dbg_xxexit.o [3]
__iar_data_init2          0x00872a   0x14  Code  Gb  init.o [4]
__iar_program_start       0x008765         Code  Gb  cstartup.o [4]
__iar_unhandled_exception
                          0x0087e2         Code  Gb  unhandled_exception.o [4]
__intvec                  0x008000         Data  Gb  interrupt.o [4]
__low_level_init          0x0087dc    0x3  Code  Gb  low_level_init.o [4]
_exit                     0x0087c4         Code  Gb  cexit.o [4]
exit                      0x0087df    0x3  Code  Gb  exit.o [4]
main                      0x0085c7   0x45  Code  Gb  main.o [1]
printf                    0x008581   0x46  Code  Gb  main.o [1]
strlen                    0x0087a3    0xd  Code  Gb  strlen.o [4]


[1] = D:\STM8S105K4T6-Projects\Project 2 UART2\Debug\Obj
[2] = command line
[3] = dbgstm8smd.a
[4] = dlstm8smn.a

  1 873 bytes of readonly  code memory
    149 bytes of readonly  data memory
    272 bytes of readwrite data memory

Errors: none
Warnings: none
