###############################################################################
#
# IAR ELF Linker V3.11.1.207 for STM8                     01/May/2021  22:18:39
# Copyright 2010-2019 IAR Systems AB.
#
#    Output file  =  
#        D:\STM8S105K4T6-Projects\Project 2 UART2\Debug\Exe\uart2.out
#    Map file     =  
#        D:\STM8S105K4T6-Projects\Project 2 UART2\Debug\List\uart2.map
#    Command line =  
#        -f C:\Users\hemja\AppData\Local\Temp\EW7CBA.tmp
#        ("D:\STM8S105K4T6-Projects\Project 2 UART2\Debug\Obj\main.o"
#        "D:\STM8S105K4T6-Projects\Project 2 UART2\Debug\Obj\stm8s_clk.o"
#        "D:\STM8S105K4T6-Projects\Project 2 UART2\Debug\Obj\stm8s_delay.o"
#        "D:\STM8S105K4T6-Projects\Project 2 UART2\Debug\Obj\stm8s_gpio.o"
#        "D:\STM8S105K4T6-Projects\Project 2 UART2\Debug\Obj\stm8s_uart2.o"
#        --redirect _Printf=_PrintfSmall --redirect _Scanf=_ScanfSmall
#        --no_out_extension -o "D:\STM8S105K4T6-Projects\Project 2
#        UART2\Debug\Exe\uart2.out" --map "D:\STM8S105K4T6-Projects\Project 2
#        UART2\Debug\List\uart2.map" --config "C:\Program Files (x86)\IAR
#        Systems\Embedded Workbench 8.3\stm8\config\lnkstm8.icf" --config_def
#        _CSTACK_SIZE=0x100 --config_def _HEAP_SIZE=0x100 --entry
#        __iar_program_start --debug_lib)
#
###############################################################################

*******************************************************************************
*** RUNTIME MODEL ATTRIBUTES
***

__SystemLibrary            = DLib
__code_model               = small
__core                     = stm8
__data_model               = medium
__dlib_file_descriptor     = 0
__dlib_full_locale_support = 0
__rt_version               = 4


*******************************************************************************
*** PLACEMENT SUMMARY
***

"A0":  place at start of [0x000000-0x0000ff] { rw section .vregs };
"A1":  place at end of [0x000000-0x0017ff] { block CSTACK };
"A2":  place at start of [0x008000-0x00ffff] { block INTVEC };
"P3":  place in [from 0x008000 to 0x00ffff] {
          ro section .far.data_init, ro section .far_func.textrw_init,
          ro section .huge.data_init, ro section .huge_func.textrw_init,
          ro section .iar.init_table, ro section .init_array,
          ro section .near.data_init, ro section .near.rodata,
          ro section .near_func.text, ro section .near_func.textrw_init,
          ro section .tiny.data_init, ro section .tiny.rodata_init };
do not initialize {
   rw section .far.noinit, rw section .huge.noinit, rw section .near.noinit,
   rw section .tiny.noinit, rw section .vregs };

No sections matched the following patterns:

  ro section .far.data_init          in "P3"
  ro section .far.rodata             in "P4"
  ro section .far_func.text          in "P4"
  ro section .far_func.textrw_init   in "P3"
  ro section .huge.data_init         in "P3"
  ro section .huge.rodata            in "P5"
  ro section .huge_func.text         in "P5"
  ro section .huge_func.textrw_init  in "P3"
  ro section .iar.init_table         in "P3"
  ro section .init_array             in "P3"
  ro section .near.data_init         in "P3"
  ro section .near.rodata            in "P3"
  ro section .near_func.textrw_init  in "P3"
  ro section .tiny.data_init         in "P3"
  ro section .tiny.rodata_init       in "P3"
  rw section .eeprom.noinit          in "P6"
  rw section .far.bss                in "P2"
  rw section .far.data               in "P2"
  rw section .far.noinit             in "P2"
  rw section .far_func.textrw        in "P2"
  rw section .huge.bss               in "P2"
  rw section .huge.data              in "P2"
  rw section .huge.noinit            in "P2"
  rw section .huge_func.textrw       in "P2"
  rw section .iar.dynexit            in "P2"
  rw section .near.bss               in "P2"
  rw section .near.data              in "P2"
  rw section .near.noinit            in "P2"
  rw section .near_func.textrw       in "P2"
  rw section .tiny.bss               in "P1"
  rw section .tiny.data              in "P1"
  rw section .tiny.noinit            in "P1"
  rw section .tiny.rodata            in "P1"


  Section          Kind      Address   Size  Object
  -------          ----      -------   ----  ------
"A0":                                   0xc
  .vregs           uninit   0x000000    0xc  vregs.o [4]
                          - 0x00000c    0xc

"A1":                                 0x100
  CSTACK                    0x001700  0x100  <Block>
    CSTACK         uninit   0x001700  0x100  <Block tail>
                          - 0x001800  0x100

"A2":                                  0x80
  INTVEC                    0x008000   0x80  <Block>
    .intvec        const    0x008000   0x80  interrupt.o [4]
                          - 0x008080   0x80

"P3":                                 0x3cd
  .near_func.text  ro code  0x008080  0x1da  float.o [4]
  .near_func.text  ro code  0x00825a   0x8e  stm8s_gpio.o [1]
  .near_func.text  ro code  0x0082e8   0x38  vreg_util.o [4]
  .near_func.text  ro code  0x008320   0x29  stm8s_uart2.o [1]
  .near_func.text  ro code  0x008349   0x27  main.o [1]
  .near_func.text  ro code  0x008370   0x1a  stm8s_delay.o [1]
  .near_func.text  ro code  0x00838a   0x15  stm8s_delay.o [1]
  .near_func.text  ro code  0x00839f   0x14  stm8s_gpio.o [1]
  .near_func.text  ro code  0x0083b3   0x14  init.o [4]
  .near_func.text  ro code  0x0083c7   0x14  __dbg_xxexit.o [3]
  .near_func.text  ro code  0x0083db   0x13  stm8s_clk.o [1]
  .near_func.text  ro code  0x0083ee   0x13  cstartup.o [4]
  .near_func.text  ro code  0x008401   0x12  main.o [1]
  .near_func.text  ro code  0x008413    0xd  dc_util.o [4]
  .near_func.text  ro code  0x008420    0xc  long_util.o [4]
  .near_func.text  ro code  0x00842c    0x7  stm8s_gpio.o [1]
  .near_func.text  ro code  0x008433    0x5  cexit.o [4]
  .near_func.text  ro code  0x008438    0x4  main.o [1]
  .near_func.text  ro code  0x00843c    0x4  stm8s_gpio.o [1]
  .near_func.text  ro code  0x008440    0x3  interrupt.o [4]
  .near_func.text  ro code  0x008443    0x3  low_level_init.o [4]
  .near_func.text  ro code  0x008446    0x3  exit.o [4]
  .near_func.text  ro code  0x008449    0x3  unhandled_exception.o [4]
  .near_func.text  ro code  0x00844c    0x1  __dbg_break.o [3]
                          - 0x00844d  0x3cd



*******************************************************************************
*** MODULE SUMMARY
***

    Module                 ro code  ro data  rw data
    ------                 -------  -------  -------
D:\STM8S105K4T6-Projects\Project 2 UART2\Debug\Obj: [1]
    main.o                      61
    stm8s_clk.o                 19
    stm8s_delay.o               47
    stm8s_gpio.o               173
    stm8s_uart2.o               41
    ------------------------------------------------
    Total:                     341

command line: [2]
    ------------------------------------------------
    Total:

dbgstm8smd.a: [3]
    __dbg_break.o                1
    __dbg_xxexit.o              20
    ------------------------------------------------
    Total:                      21

dlstm8smn.a: [4]
    cexit.o                      5
    cstartup.o                  19
    dc_util.o                   13
    exit.o                       3
    float.o                    474
    init.o                      20
    interrupt.o                  3      128
    long_util.o                 12
    low_level_init.o             3
    unhandled_exception.o        3
    vreg_util.o                 56
    vregs.o                                       12
    ------------------------------------------------
    Total:                     611      128       12

    Linker created                               256
----------------------------------------------------
    Grand Total:               973      128      268


*******************************************************************************
*** ENTRY LIST
***

Entry                      Address  Size  Type      Object
-----                      -------  ----  ----      ------
?b0                       0x000000        Data  Gb  vregs.o [4]
?b1                       0x000001        Data  Gb  vregs.o [4]
?b10                      0x00000a        Data  Gb  vregs.o [4]
?b11                      0x00000b        Data  Gb  vregs.o [4]
?b2                       0x000002        Data  Gb  vregs.o [4]
?b3                       0x000003        Data  Gb  vregs.o [4]
?b4                       0x000004        Data  Gb  vregs.o [4]
?b5                       0x000005        Data  Gb  vregs.o [4]
?b6                       0x000006        Data  Gb  vregs.o [4]
?b7                       0x000007        Data  Gb  vregs.o [4]
?b8                       0x000008        Data  Gb  vregs.o [4]
?b9                       0x000009        Data  Gb  vregs.o [4]
?dc32_l1                  0x008413        Code  Gb  dc_util.o [4]
?e0                       0x000001        Data  Gb  vregs.o [4]
?e1                       0x000005        Data  Gb  vregs.o [4]
?e2                       0x000009        Data  Gb  vregs.o [4]
?epilogue_w4              0x00830f        Code  Gb  vreg_util.o [4]
?fcastf32u16_l0_x         0x00811a        Code  Gb  float.o [4]
?fcasts16f32_x_l0         0x008138        Code  Gb  float.o [4]
?fmul32_l0_l0_dc32        0x008080        Code  Gb  float.o [4]
?fmul32_l0_l0_l1          0x008085        Code  Gb  float.o [4]
?l0                       0x000000        Data  Gb  vregs.o [4]
?l1                       0x000004        Data  Gb  vregs.o [4]
?l2                       0x000008        Data  Gb  vregs.o [4]
?load32_l1_0x             0x008420        Code  Gb  long_util.o [4]
?mov_e0_e1                0x008316        Code  Gb  vreg_util.o [4]
?mov_l0_l1                0x008313        Code  Gb  vreg_util.o [4]
?mov_w1_w3                0x008319        Code  Gb  vreg_util.o [4]
?pop_w4                   0x008300        Code  Gb  vreg_util.o [4]
?push_w4                  0x0082e8        Code  Gb  vreg_util.o [4]
?w0                       0x000000        Data  Gb  vregs.o [4]
?w1                       0x000002        Data  Gb  vregs.o [4]
?w2                       0x000004        Data  Gb  vregs.o [4]
?w3                       0x000006        Data  Gb  vregs.o [4]
?w4                       0x000008        Data  Gb  vregs.o [4]
?w5                       0x00000a        Data  Gb  vregs.o [4]
CLK_Configuration         0x008438   0x4  Code  Gb  main.o [1]
CLK_HSIPrescalerConfig    0x0083db  0x13  Code  Gb  stm8s_clk.o [1]
CSTACK$$Base              0x001700         --   Gb  - Linker created -
CSTACK$$Limit             0x001800         --   Gb  - Linker created -
GPIO_Configuration        0x008401  0x12  Code  Gb  main.o [1]
GPIO_DeInit               0x00839f  0x14  Code  Gb  stm8s_gpio.o [1]
GPIO_Init                 0x00825a  0x8e  Code  Gb  stm8s_gpio.o [1]
GPIO_WriteHigh            0x00842c   0x7  Code  Gb  stm8s_gpio.o [1]
GPIO_WriteLow             0x00843c   0x4  Code  Gb  stm8s_gpio.o [1]
INTVEC$$Base              0x008000         --   Gb  - Linker created -
INTVEC$$Limit             0x008080         --   Gb  - Linker created -
Region$$Table$$Base     0x00000000         --   Gb  - Linker created -
Region$$Table$$Limit    0x00000000         --   Gb  - Linker created -
UART2_DeInit              0x008320  0x29  Code  Gb  stm8s_uart2.o [1]
__DebugBreak              0x00844c   0x1  Code  Gb  __dbg_break.o [3]
__exit                    0x0083c7  0x14  Code  Gb  __dbg_xxexit.o [3]
__iar_data_init2          0x0083b3  0x14  Code  Gb  init.o [4]
__iar_program_start       0x0083ee        Code  Gb  cstartup.o [4]
__iar_unhandled_exception
                          0x008449        Code  Gb  unhandled_exception.o [4]
__intvec                  0x008000        Data  Gb  interrupt.o [4]
__low_level_init          0x008443   0x3  Code  Gb  low_level_init.o [4]
_exit                     0x008433        Code  Gb  cexit.o [4]
delay_ms                  0x008370  0x1a  Code  Gb  stm8s_delay.o [1]
delay_us                  0x00838a  0x15  Code  Gb  stm8s_delay.o [1]
exit                      0x008446   0x3  Code  Gb  exit.o [4]
main                      0x008349  0x27  Code  Gb  main.o [1]


[1] = D:\STM8S105K4T6-Projects\Project 2 UART2\Debug\Obj
[2] = command line
[3] = dbgstm8smd.a
[4] = dlstm8smn.a

  973 bytes of readonly  code memory
  128 bytes of readonly  data memory
  268 bytes of readwrite data memory

Errors: none
Warnings: none
